Warning in grid.Call(C_stringMetric, as.graphicsAnnot(x$label)) :
  font family 'Arial Unicode MS' not found in PostScript font database
Warning in grid.Call(C_stringMetric, as.graphicsAnnot(x$label)) :
  font family 'Arial Unicode MS' not found in PostScript font database
Warning in grid.Call(C_stringMetric, as.graphicsAnnot(x$label)) :
  font family 'Arial Unicode MS' not found in PostScript font database
Warning in grid.Call(C_stringMetric, as.graphicsAnnot(x$label)) :
  font family 'Arial Unicode MS' not found in PostScript font database
Warning in grid.Call(C_stringMetric, as.graphicsAnnot(x$label)) :
  font family 'Arial Unicode MS' not found in PostScript font database
Warning in grid.Call(C_stringMetric, as.graphicsAnnot(x$label)) :
  font family 'Arial Unicode MS' not found in PostScript font database
Warning in grid.Call(C_stringMetric, as.graphicsAnnot(x$label)) :
  font family 'Arial Unicode MS' not found in PostScript font database
Warning in grid.Call(C_stringMetric, as.graphicsAnnot(x$label)) :
  font family 'Arial Unicode MS' not found in PostScript font database
Warning in grid.Call(C_stringMetric, as.graphicsAnnot(x$label)) :
  font family 'Arial Unicode MS' not found in PostScript font database
Warning in grid.Call(C_stringMetric, as.graphicsAnnot(x$label)) :
  font family 'Arial Unicode MS' not found in PostScript font database
Warning in grid.Call(C_stringMetric, as.graphicsAnnot(x$label)) :
  font family 'Arial Unicode MS' not found in PostScript font database
Warning in grid.Call(C_stringMetric, as.graphicsAnnot(x$label)) :
  font family 'Arial Unicode MS' not found in PostScript font database
Warning in grid.Call(C_stringMetric, as.graphicsAnnot(x$label)) :
  font family 'Arial Unicode MS' not found in PostScript font database
Warning in grid.Call(C_stringMetric, as.graphicsAnnot(x$label)) :
  font family 'Arial Unicode MS' not found in PostScript font database
Warning in grid.Call(C_textBounds, as.graphicsAnnot(x$label), x$x, x$y,  :
  font family 'Arial Unicode MS' not found in PostScript font database
Warning in grid.Call(C_textBounds, as.graphicsAnnot(x$label), x$x, x$y,  :
  font family 'Arial Unicode MS' not found in PostScript font database
Warning in grid.Call(C_textBounds, as.graphicsAnnot(x$label), x$x, x$y,  :
  font family 'Arial Unicode MS' not found in PostScript font database
Warning in grid.Call(C_textBounds, as.graphicsAnnot(x$label), x$x, x$y,  :
  font family 'Arial Unicode MS' not found in PostScript font database
Warning in grid.Call(C_textBounds, as.graphicsAnnot(x$label), x$x, x$y,  :
  font family 'Arial Unicode MS' not found in PostScript font database
Warning in grid.Call(C_textBounds, as.graphicsAnnot(x$label), x$x, x$y,  :
  font family 'Arial Unicode MS' not found in PostScript font database
Warning in grid.Call(C_textBounds, as.graphicsAnnot(x$label), x$x, x$y,  :
  font family 'Arial Unicode MS' not found in PostScript font database
Warning in grid.Call(C_textBounds, as.graphicsAnnot(x$label), x$x, x$y,  :
  font family 'Arial Unicode MS' not found in PostScript font database
Warning in grid.Call(C_textBounds, as.graphicsAnnot(x$label), x$x, x$y,  :
  font family 'Arial Unicode MS' not found in PostScript font database
Warning in grid.Call(C_textBounds, as.graphicsAnnot(x$label), x$x, x$y,  :
  font family 'Arial Unicode MS' not found in PostScript font database
Warning in grid.Call(C_textBounds, as.graphicsAnnot(x$label), x$x, x$y,  :
  font family 'Arial Unicode MS' not found in PostScript font database
Warning in grid.Call(C_textBounds, as.graphicsAnnot(x$label), x$x, x$y,  :
  font family 'Arial Unicode MS' not found in PostScript font database
Warning in grid.Call(C_textBounds, as.graphicsAnnot(x$label), x$x, x$y,  :
  font family 'Arial Unicode MS' not found in PostScript font database
Warning in grid.Call(C_textBounds, as.graphicsAnnot(x$label), x$x, x$y,  :
  font family 'Arial Unicode MS' not found in PostScript font database
Warning in grid.Call(C_textBounds, as.graphicsAnnot(x$label), x$x, x$y,  :
  font family 'Arial Unicode MS' not found in PostScript font database
Warning in grid.Call(C_textBounds, as.graphicsAnnot(x$label), x$x, x$y,  :
  font family 'Arial Unicode MS' not found in PostScript font database
Warning in grid.Call(C_textBounds, as.graphicsAnnot(x$label), x$x, x$y,  :
  font family 'Arial Unicode MS' not found in PostScript font database
Warning in grid.Call(C_textBounds, as.graphicsAnnot(x$label), x$x, x$y,  :
  font family 'Arial Unicode MS' not found in PostScript font database
Warning in grid.Call(C_textBounds, as.graphicsAnnot(x$label), x$x, x$y,  :
  font family 'Arial Unicode MS' not found in PostScript font database
Warning in grid.Call(C_textBounds, as.graphicsAnnot(x$label), x$x, x$y,  :
  font family 'Arial Unicode MS' not found in PostScript font database
Warning in grid.Call(C_textBounds, as.graphicsAnnot(x$label), x$x, x$y,  :
  font family 'Arial Unicode MS' not found in PostScript font database
Warning in grid.Call(C_textBounds, as.graphicsAnnot(x$label), x$x, x$y,  :
  font family 'Arial Unicode MS' not found in PostScript font database
Warning in grid.Call(C_textBounds, as.graphicsAnnot(x$label), x$x, x$y,  :
  font family 'Arial Unicode MS' not found in PostScript font database
Warning in grid.Call(C_textBounds, as.graphicsAnnot(x$label), x$x, x$y,  :
  font family 'Arial Unicode MS' not found in PostScript font database
Warning in grid.Call(C_textBounds, as.graphicsAnnot(x$label), x$x, x$y,  :
  font family 'Arial Unicode MS' not found in PostScript font database
Warning in grid.Call(C_textBounds, as.graphicsAnnot(x$label), x$x, x$y,  :
  font family 'Arial Unicode MS' not found in PostScript font database
Warning in grid.Call(C_textBounds, as.graphicsAnnot(x$label), x$x, x$y,  :
  font family 'Arial Unicode MS' not found in PostScript font database
Warning in grid.Call(C_textBounds, as.graphicsAnnot(x$label), x$x, x$y,  :
  font family 'Arial Unicode MS' not found in PostScript font database
Warning in grid.Call(C_textBounds, as.graphicsAnnot(x$label), x$x, x$y,  :
  font family 'Arial Unicode MS' not found in PostScript font database
Warning in grid.Call(C_textBounds, as.graphicsAnnot(x$label), x$x, x$y,  :
  font family 'Arial Unicode MS' not found in PostScript font database
Warning in grid.Call(C_textBounds, as.graphicsAnnot(x$label), x$x, x$y,  :
  font family 'Arial Unicode MS' not found in PostScript font database
Warning in grid.Call(C_stringMetric, as.graphicsAnnot(x$label)) :
  font family 'Arial Unicode MS' not found in PostScript font database
Warning in grid.Call(C_stringMetric, as.graphicsAnnot(x$label)) :
  font family 'Arial Unicode MS' not found in PostScript font database
Warning in grid.Call(C_stringMetric, as.graphicsAnnot(x$label)) :
  font family 'Arial Unicode MS' not found in PostScript font database
Warning in grid.Call(C_stringMetric, as.graphicsAnnot(x$label)) :
  font family 'Arial Unicode MS' not found in PostScript font database
Warning in grid.Call(C_stringMetric, as.graphicsAnnot(x$label)) :
  font family 'Arial Unicode MS' not found in PostScript font database
Warning in grid.Call(C_stringMetric, as.graphicsAnnot(x$label)) :
  font family 'Arial Unicode MS' not found in PostScript font database
Warning in grid.Call(C_stringMetric, as.graphicsAnnot(x$label)) :
  font family 'Arial Unicode MS' not found in PostScript font database
Warning in grid.Call(C_stringMetric, as.graphicsAnnot(x$label)) :
  font family 'Arial Unicode MS' not found in PostScript font database
Warning in grid.Call(C_stringMetric, as.graphicsAnnot(x$label)) :
  font family 'Arial Unicode MS' not found in PostScript font database
Warning in grid.Call(C_stringMetric, as.graphicsAnnot(x$label)) :
  font family 'Arial Unicode MS' not found in PostScript font database
Warning in grid.Call(C_stringMetric, as.graphicsAnnot(x$label)) :
  font family 'Arial Unicode MS' not found in PostScript font database
Warning in grid.Call(C_stringMetric, as.graphicsAnnot(x$label)) :
  font family 'Arial Unicode MS' not found in PostScript font database
Warning in grid.Call(C_stringMetric, as.graphicsAnnot(x$label)) :
  font family 'Arial Unicode MS' not found in PostScript font database
Warning in grid.Call(C_stringMetric, as.graphicsAnnot(x$label)) :
  font family 'Arial Unicode MS' not found in PostScript font database
Warning in grid.Call(C_textBounds, as.graphicsAnnot(x$label), x$x, x$y,  :
  font family 'Arial Unicode MS' not found in PostScript font database
Warning in grid.Call(C_textBounds, as.graphicsAnnot(x$label), x$x, x$y,  :
  font family 'Arial Unicode MS' not found in PostScript font database
Warning in grid.Call(C_textBounds, as.graphicsAnnot(x$label), x$x, x$y,  :
  font family 'Arial Unicode MS' not found in PostScript font database
Warning in grid.Call(C_textBounds, as.graphicsAnnot(x$label), x$x, x$y,  :
  font family 'Arial Unicode MS' not found in PostScript font database
Warning in grid.Call(C_textBounds, as.graphicsAnnot(x$label), x$x, x$y,  :
  font family 'Arial Unicode MS' not found in PostScript font database
Warning in grid.Call(C_textBounds, as.graphicsAnnot(x$label), x$x, x$y,  :
  font family 'Arial Unicode MS' not found in PostScript font database
Warning in grid.Call(C_textBounds, as.graphicsAnnot(x$label), x$x, x$y,  :
  font family 'Arial Unicode MS' not found in PostScript font database
Warning in grid.Call(C_textBounds, as.graphicsAnnot(x$label), x$x, x$y,  :
  font family 'Arial Unicode MS' not found in PostScript font database
Warning in grid.Call(C_textBounds, as.graphicsAnnot(x$label), x$x, x$y,  :
  font family 'Arial Unicode MS' not found in PostScript font database
Warning in grid.Call(C_stringMetric, as.graphicsAnnot(x$label)) :
  font family 'Arial Unicode MS' not found in PostScript font database
Warning in grid.Call(C_stringMetric, as.graphicsAnnot(x$label)) :
  font family 'Arial Unicode MS' not found in PostScript font database
Warning in grid.Call(C_stringMetric, as.graphicsAnnot(x$label)) :
  font family 'Arial Unicode MS' not found in PostScript font database
Warning in grid.Call(C_stringMetric, as.graphicsAnnot(x$label)) :
  font family 'Arial Unicode MS' not found in PostScript font database
Warning in grid.Call(C_stringMetric, as.graphicsAnnot(x$label)) :
  font family 'Arial Unicode MS' not found in PostScript font database
Warning in grid.Call(C_stringMetric, as.graphicsAnnot(x$label)) :
  font family 'Arial Unicode MS' not found in PostScript font database
Warning in grid.Call(C_stringMetric, as.graphicsAnnot(x$label)) :
  font family 'Arial Unicode MS' not found in PostScript font database
Warning in grid.Call(C_stringMetric, as.graphicsAnnot(x$label)) :
  font family 'Arial Unicode MS' not found in PostScript font database
Warning in grid.Call(C_stringMetric, as.graphicsAnnot(x$label)) :
  font family 'Arial Unicode MS' not found in PostScript font database
Warning in grid.Call(C_stringMetric, as.graphicsAnnot(x$label)) :
  font family 'Arial Unicode MS' not found in PostScript font database
Warning in grid.Call(C_stringMetric, as.graphicsAnnot(x$label)) :
  font family 'Arial Unicode MS' not found in PostScript font database
Warning in grid.Call(C_stringMetric, as.graphicsAnnot(x$label)) :
  font family 'Arial Unicode MS' not found in PostScript font database
Warning in grid.Call(C_stringMetric, as.graphicsAnnot(x$label)) :
  font family 'Arial Unicode MS' not found in PostScript font database
Warning in grid.Call(C_stringMetric, as.graphicsAnnot(x$label)) :
  font family 'Arial Unicode MS' not found in PostScript font database
Warning in grid.Call(C_textBounds, as.graphicsAnnot(x$label), x$x, x$y,  :
  font family 'Arial Unicode MS' not found in PostScript font database
Warning in grid.Call(C_textBounds, as.graphicsAnnot(x$label), x$x, x$y,  :
  font family 'Arial Unicode MS' not found in PostScript font database
Warning in grid.Call(C_textBounds, as.graphicsAnnot(x$label), x$x, x$y,  :
  font family 'Arial Unicode MS' not found in PostScript font database
Warning in grid.Call(C_textBounds, as.graphicsAnnot(x$label), x$x, x$y,  :
  font family 'Arial Unicode MS' not found in PostScript font database
Warning in grid.Call(C_textBounds, as.graphicsAnnot(x$label), x$x, x$y,  :
  font family 'Arial Unicode MS' not found in PostScript font database
Warning in grid.Call(C_textBounds, as.graphicsAnnot(x$label), x$x, x$y,  :
  font family 'Arial Unicode MS' not found in PostScript font database
Warning in grid.Call(C_textBounds, as.graphicsAnnot(x$label), x$x, x$y,  :
  font family 'Arial Unicode MS' not found in PostScript font database
Warning in grid.Call(C_textBounds, as.graphicsAnnot(x$label), x$x, x$y,  :
  font family 'Arial Unicode MS' not found in PostScript font database
Warning in grid.Call(C_stringMetric, as.graphicsAnnot(x$label)) :
  font family 'Arial Unicode MS' not found in PostScript font database
Warning in grid.Call(C_stringMetric, as.graphicsAnnot(x$label)) :
  font family 'Arial Unicode MS' not found in PostScript font database
Warning in grid.Call(C_stringMetric, as.graphicsAnnot(x$label)) :
  font family 'Arial Unicode MS' not found in PostScript font database
Warning in grid.Call(C_stringMetric, as.graphicsAnnot(x$label)) :
  font family 'Arial Unicode MS' not found in PostScript font database
Warning in grid.Call(C_stringMetric, as.graphicsAnnot(x$label)) :
  font family 'Arial Unicode MS' not found in PostScript font database
Warning in grid.Call(C_stringMetric, as.graphicsAnnot(x$label)) :
  font family 'Arial Unicode MS' not found in PostScript font database
Warning in grid.Call(C_stringMetric, as.graphicsAnnot(x$label)) :
  font family 'Arial Unicode MS' not found in PostScript font database
Warning in grid.Call(C_stringMetric, as.graphicsAnnot(x$label)) :
  font family 'Arial Unicode MS' not found in PostScript font database
Warning in grid.Call(C_stringMetric, as.graphicsAnnot(x$label)) :
  font family 'Arial Unicode MS' not found in PostScript font database
Warning in grid.Call(C_stringMetric, as.graphicsAnnot(x$label)) :
  font family 'Arial Unicode MS' not found in PostScript font database
Warning in grid.Call(C_stringMetric, as.graphicsAnnot(x$label)) :
  font family 'Arial Unicode MS' not found in PostScript font database
Warning in grid.Call(C_stringMetric, as.graphicsAnnot(x$label)) :
  font family 'Arial Unicode MS' not found in PostScript font database
Warning in grid.Call(C_stringMetric, as.graphicsAnnot(x$label)) :
  font family 'Arial Unicode MS' not found in PostScript font database
Warning in grid.Call(C_stringMetric, as.graphicsAnnot(x$label)) :
  font family 'Arial Unicode MS' not found in PostScript font database
Warning in grid.Call(C_stringMetric, as.graphicsAnnot(x$label)) :
  font family 'Arial Unicode MS' not found in PostScript font database
Warning in grid.Call(C_stringMetric, as.graphicsAnnot(x$label)) :
  font family 'Arial Unicode MS' not found in PostScript font database
Warning in grid.Call(C_stringMetric, as.graphicsAnnot(x$label)) :
  font family 'Arial Unicode MS' not found in PostScript font database
Warning in grid.Call(C_stringMetric, as.graphicsAnnot(x$label)) :
  font family 'Arial Unicode MS' not found in PostScript font database
Warning in grid.Call(C_stringMetric, as.graphicsAnnot(x$label)) :
  font family 'Arial Unicode MS' not found in PostScript font database
Warning in grid.Call(C_stringMetric, as.graphicsAnnot(x$label)) :
  font family 'Arial Unicode MS' not found in PostScript font database
Warning in grid.Call(C_stringMetric, as.graphicsAnnot(x$label)) :
  font family 'Arial Unicode MS' not found in PostScript font database
Warning in grid.Call(C_stringMetric, as.graphicsAnnot(x$label)) :
  font family 'Arial Unicode MS' not found in PostScript font database
Warning in grid.Call(C_stringMetric, as.graphicsAnnot(x$label)) :
  font family 'Arial Unicode MS' not found in PostScript font database
Warning in grid.Call(C_stringMetric, as.graphicsAnnot(x$label)) :
  font family 'Arial Unicode MS' not found in PostScript font database
Warning in grid.Call(C_stringMetric, as.graphicsAnnot(x$label)) :
  font family 'Arial Unicode MS' not found in PostScript font database
Warning in grid.Call(C_stringMetric, as.graphicsAnnot(x$label)) :
  font family 'Arial Unicode MS' not found in PostScript font database
Warning in grid.Call(C_stringMetric, as.graphicsAnnot(x$label)) :
  font family 'Arial Unicode MS' not found in PostScript font database
Warning in grid.Call(C_stringMetric, as.graphicsAnnot(x$label)) :
  font family 'Arial Unicode MS' not found in PostScript font database
Warning in grid.Call(C_textBounds, as.graphicsAnnot(x$label), x$x, x$y,  :
  font family 'Arial Unicode MS' not found in PostScript font database
Warning in grid.Call(C_textBounds, as.graphicsAnnot(x$label), x$x, x$y,  :
  font family 'Arial Unicode MS' not found in PostScript font database
Warning in grid.Call(C_textBounds, as.graphicsAnnot(x$label), x$x, x$y,  :
  font family 'Arial Unicode MS' not found in PostScript font database
Warning in grid.Call(C_textBounds, as.graphicsAnnot(x$label), x$x, x$y,  :
  font family 'Arial Unicode MS' not found in PostScript font database
Warning in grid.Call(C_textBounds, as.graphicsAnnot(x$label), x$x, x$y,  :
  font family 'Arial Unicode MS' not found in PostScript font database
Warning in grid.Call(C_textBounds, as.graphicsAnnot(x$label), x$x, x$y,  :
  font family 'Arial Unicode MS' not found in PostScript font database
Warning in grid.Call(C_textBounds, as.graphicsAnnot(x$label), x$x, x$y,  :
  font family 'Arial Unicode MS' not found in PostScript font database
Warning in grid.Call(C_textBounds, as.graphicsAnnot(x$label), x$x, x$y,  :
  font family 'Arial Unicode MS' not found in PostScript font database
Warning in grid.Call(C_stringMetric, as.graphicsAnnot(x$label)) :
  font family 'Arial Unicode MS' not found in PostScript font database
Warning in grid.Call(C_stringMetric, as.graphicsAnnot(x$label)) :
  font family 'Arial Unicode MS' not found in PostScript font database
Warning in grid.Call(C_stringMetric, as.graphicsAnnot(x$label)) :
  font family 'Arial Unicode MS' not found in PostScript font database
Warning in grid.Call(C_stringMetric, as.graphicsAnnot(x$label)) :
  font family 'Arial Unicode MS' not found in PostScript font database
Warning in grid.Call(C_stringMetric, as.graphicsAnnot(x$label)) :
  font family 'Arial Unicode MS' not found in PostScript font database
Warning in grid.Call(C_stringMetric, as.graphicsAnnot(x$label)) :
  font family 'Arial Unicode MS' not found in PostScript font database
Warning in grid.Call(C_stringMetric, as.graphicsAnnot(x$label)) :
  font family 'Arial Unicode MS' not found in PostScript font database
Warning in grid.Call(C_stringMetric, as.graphicsAnnot(x$label)) :
  font family 'Arial Unicode MS' not found in PostScript font database
Warning in grid.Call(C_stringMetric, as.graphicsAnnot(x$label)) :
  font family 'Arial Unicode MS' not found in PostScript font database
Warning in grid.Call(C_stringMetric, as.graphicsAnnot(x$label)) :
  font family 'Arial Unicode MS' not found in PostScript font database
Warning in grid.Call(C_stringMetric, as.graphicsAnnot(x$label)) :
  font family 'Arial Unicode MS' not found in PostScript font database
Warning in grid.Call(C_stringMetric, as.graphicsAnnot(x$label)) :
  font family 'Arial Unicode MS' not found in PostScript font database
Warning in grid.Call(C_stringMetric, as.graphicsAnnot(x$label)) :
  font family 'Arial Unicode MS' not found in PostScript font database
Warning in grid.Call(C_stringMetric, as.graphicsAnnot(x$label)) :
  font family 'Arial Unicode MS' not found in PostScript font database
Warning in grid.Call(C_stringMetric, as.graphicsAnnot(x$label)) :
  font family 'Arial Unicode MS' not found in PostScript font database
Warning in grid.Call(C_stringMetric, as.graphicsAnnot(x$label)) :
  font family 'Arial Unicode MS' not found in PostScript font database
Warning in grid.Call(C_stringMetric, as.graphicsAnnot(x$label)) :
  font family 'Arial Unicode MS' not found in PostScript font database
Warning in grid.Call(C_stringMetric, as.graphicsAnnot(x$label)) :
  font family 'Arial Unicode MS' not found in PostScript font database
Warning in grid.Call(C_stringMetric, as.graphicsAnnot(x$label)) :
  font family 'Arial Unicode MS' not found in PostScript font database
Warning in grid.Call(C_stringMetric, as.graphicsAnnot(x$label)) :
  font family 'Arial Unicode MS' not found in PostScript font database
Warning in grid.Call(C_stringMetric, as.graphicsAnnot(x$label)) :
  font family 'Arial Unicode MS' not found in PostScript font database
Warning in grid.Call(C_stringMetric, as.graphicsAnnot(x$label)) :
  font family 'Arial Unicode MS' not found in PostScript font database
Warning in grid.Call(C_stringMetric, as.graphicsAnnot(x$label)) :
  font family 'Arial Unicode MS' not found in PostScript font database
Warning in grid.Call(C_stringMetric, as.graphicsAnnot(x$label)) :
  font family 'Arial Unicode MS' not found in PostScript font database
Warning in grid.Call(C_stringMetric, as.graphicsAnnot(x$label)) :
  font family 'Arial Unicode MS' not found in PostScript font database
Warning in grid.Call(C_stringMetric, as.graphicsAnnot(x$label)) :
  font family 'Arial Unicode MS' not found in PostScript font database
Warning in grid.Call(C_stringMetric, as.graphicsAnnot(x$label)) :
  font family 'Arial Unicode MS' not found in PostScript font database
Warning in grid.Call(C_stringMetric, as.graphicsAnnot(x$label)) :
  font family 'Arial Unicode MS' not found in PostScript font database
Warning in geom_text(data = three[RNAlevel == RNA_LOW & N < 400], aes(y = N,  :
  Ignoring unknown parameters: `nudge_x`
Warning in geom_text(data = three[N < 400], aes(y = N, label = Label), position = position_stack(vjust = 0.5),  :
  Ignoring unknown parameters: `nudge_x`
ALL_RNA_PLOTS_BEAUTIFIED_AND_SAVED -> /tmp/kla_reference_warning_review_20260920
