=== S1: Evaluation Aggregation Sensitivity (Leave-One-Test-Group-Out) ===
S1 completed. Range of equal-weight LogLoss across dropped test folds:
    Model min_eqw_LL max_eqw_LL range_eqw_LL min_eqw_AP max_eqw_AP range_eqw_AP
   <char>      <num>      <num>        <num>      <num>      <num>        <num>
1:     M0  0.6566651  0.6728541   0.01618902  0.3402317  0.3810294   0.04079774
2:     MP  0.5582925  0.5788270   0.02053447  0.6905632  0.7392704   0.04870723
3: MP_cal  0.5553863  0.5747736   0.01938733  0.6905632  0.7392704   0.04870723
4:     ME  0.6382005  0.6719707   0.03377018  0.4797258  0.5156340   0.03590824
5:    ME2  0.6478428  0.6785644   0.03072152  0.4788952  0.5148035   0.03590824
6:   ME_P  0.5498561  0.5780445   0.02818835  0.6986967  0.7474441   0.04874745
7:   ME2P  0.5620642  0.5924471   0.03038282  0.7004484  0.7489467   0.04849832
8:    XEN  0.6559635  0.6930736   0.03711008  0.4762057  0.5146101   0.03840436

=== S2: True Group Deletion Training Sensitivity ===
Rerunning full 18-fold outer validation with inner tuning for each of the 19 dropped ConnGroups...
-> S2 Deleting ConnGroup 01 / 19 from training dataset...
-> S2 Deleting ConnGroup 02 / 19 from training dataset...
-> S2 Deleting ConnGroup 03 / 19 from training dataset...
-> S2 Deleting ConnGroup 04 / 19 from training dataset...
-> S2 Deleting ConnGroup 05 / 19 from training dataset...
-> S2 Deleting ConnGroup 06 / 19 from training dataset...
-> S2 Deleting ConnGroup 07 / 19 from training dataset...
-> S2 Deleting ConnGroup 08 / 19 from training dataset...
-> S2 Deleting ConnGroup 09 / 19 from training dataset...
-> S2 Deleting ConnGroup 10 / 19 from training dataset...
-> S2 Deleting ConnGroup 11 / 19 from training dataset...
-> S2 Deleting ConnGroup 12 / 19 from training dataset...
-> S2 Deleting ConnGroup 13 / 19 from training dataset...
-> S2 Deleting ConnGroup 14 / 19 from training dataset...
-> S2 Deleting ConnGroup 15 / 19 from training dataset...
-> S2 Deleting ConnGroup 16 / 19 from training dataset...
-> S2 Deleting ConnGroup 17 / 19 from training dataset...
-> S2 Deleting ConnGroup 18 / 19 from training dataset...
-> S2 Deleting ConnGroup 19 / 19 from training dataset...
S2 completed all 19 deletions in 173.86 seconds.

=== S2 Training Sensitivity Summary (Mean Paired Diffs across 19 deletions) ===
    Model  mean_diff_LL max_abs_diff_LL mean_diff_AP max_abs_diff_AP
   <char>         <num>           <num>        <num>           <num>
1:     MP  0.0013580896      0.01099632 -0.002578880     0.012571505
2:   ME_P -0.0007190306      0.01388837 -0.002827183     0.009645867
3:   ME2P -0.0004483535      0.01794059 -0.003434829     0.009636249

S2 completion checklist verified (19 / 19 groups complete):
    dropped_train_group    status n_remaining_folds n_remaining_rows
                  <int>    <char>             <int>            <int>
 1:                   1 COMPLETED                18             6632
 2:                   2 COMPLETED                18             6464
 3:                   3 COMPLETED                18             6598
 4:                   4 COMPLETED                18             6598
 5:                   5 COMPLETED                18             6516
 6:                   6 COMPLETED                18             6468
 7:                   7 COMPLETED                18             6183
 8:                   8 COMPLETED                18             6424
 9:                   9 COMPLETED                18             6456
10:                  10 COMPLETED                18             6067
11:                  11 COMPLETED                18             5551
12:                  12 COMPLETED                18             6441
13:                  13 COMPLETED                18             6569
14:                  14 COMPLETED                18             6567
15:                  15 COMPLETED                18             6117
16:                  16 COMPLETED                18             6551
17:                  17 COMPLETED                18             6457
18:                  18 COMPLETED                18             6312
19:                  19 COMPLETED                18             6421
